 dotdrift · $PROFILE · host myhost · user cri  ▶ apply
╭──────────────────────────╮╭──────────────────────────────────────────────────────────────────╮
│MODULES                   ││demo  [base]                                                      │
│▸ demo                    ││meta                                                              │
│                          ││  id demo                                                         │
│                          ││  app demo-app                                                    │
│                          ││  description                                                     │
│                          ││  scope user                                                      │
│                          ││packages                                                          │
│  ╭────────────────────────────────────────────────────────────────────────────────────────────╮
│  │                                                                                            │
│  │  apply — running 1/2                                                                       │
│  │                                                                                            │
│  │    run   packages                                                                          │
│  │    wait  dotfiles                                                                          │
│  │                                                                                            │
│  │    installing ripgrep                                                                      │
│  │                                                                                            │
│  │    esc close · ctrl+c cancel run                                                           │
│  │                                                                                            │
│  ╰────────────────────────────────────────────────────────────────────────────────────────────╯
│                          ││  tools                                                           │
│                          ││hooks                                                             │
│                          ││  (none)                                                          │
│                          ││systemd.units                                                     │
╰──────────────────────────╯╰──────────────────────────────────────────────────────────────────╯

 j down • k up • h collapse / parent • / palette • ? help • q quit

