 dotdrift · $PROFILE · host myhost · user cri  ▶ apply
╭──────────────────────────╮╭──────────────────────────────────────────────────────────────────╮
│MODULES                   ││demo  [base]  · meta                                              │
││ ▸ demo                  ││meta                                                              │
│                          │││ id demo                                                         │
│                          ││  app demo-app ✎                                                  │
│                          ││  description  ✎                                                  │
│                          ││  scope user ◂▸                                                   │
│                          ││packages ＋                                                       │
│  ╭────────────────────────────────────────────────────────────────────────────────────────────╮
│  │                                                                                            │
│  │  apply — running 1/2                                                                       │
│  │                                                                                            │
│  │    run   packages                                                                          │
│  │    wait  dotfiles                                                                          │
│  │                                                                                            │
│  │    installing ripgrep                                                                      │
│  │                                                                                            │
│  │    esc close · ctrl+c cancel run                                                           │
│  │                                                                                            │
│  ╰────────────────────────────────────────────────────────────────────────────────────────────╯
│                          ││                                                                  │
│                          ││                                                                  │
│                          ││                                                                  │
│                          ││                                                                  │
╰──────────────────────────╯╰──────────────────────────────────────────────────────────────────╯

 enter open in workspace • / palette • ? help • q quit

