 dotdrift · $PROFILE · host myhost · user cri  ▶ apply
╭──────────────────────────╮╭──────────────────────────────────────────────────────────────────╮
│MODULES                   ││demo  [base]  · raw                                               │
││ ▸ demo · invalid module.││broken module.toml — raw text mode                                │
│                          ││  module.toml:2: unknown key "app"                                │
│                          │││ id = "demo" ✎                                                   │
│                          ││  app = "demo-app" ✎                                              │
│                          ││                                                                  │
│                          ││                                                                  │
│  ╭────────────────────────────────────────────────────────────────────────────────────────────╮
│  │                                                                                            │
│  │  apply — running 1/2                                                                       │
│  │                                                                                            │
│  │    run   packages                                                                          │
│  │    wait  dotfiles                                                                          │
│  │                                                                                            │
│  │    installing ripgrep                                                                      │
│  │                                                                                            │
│  │    esc close · ctrl+c cancel run                                                           │
│  │                                                                                            │
│  ╰────────────────────────────────────────────────────────────────────────────────────────────╯
│                          ││                                                                  │
│                          ││                                                                  │
│                          ││                                                                  │
│                          ││                                                                  │
╰──────────────────────────╯╰──────────────────────────────────────────────────────────────────╯

 enter open in workspace • / filter modules • ? help • q quit

