 dotdrift · $PROFILE · host myhost · user cri
╭──────────────────────────╮╭──────────────────────────────────────────────────────────────────╮
│MODULES                   ││demo  [base]  · meta                                              │
││ ▸ demo                  ││meta                                                              │
│                          │││ id demo                                                         │
│                          ││  app demo-app ✎                                                  │
│                          ││  description  ✎                                                  │
│                          ││  scope user ◂▸                                                   │
│                          ││packages ＋                                                       │
│  ╭────────────────────────────────────────────────────────────────────────────────────────────╮
│  │                                                                                            │
│  │  apply — failed · dotfiles                                                                 │
│  │                                                                                            │
│  │    done  packages                                                                          │
│  │    fail  dotfiles                                                                          │
│  │        step dotfiles: link failed                                                          │
│  │    link failed                                                                             │
│  │                                                                                            │
│  │    esc close · ctrl+c cancel run                                                           │
│  │                                                                                            │
│  ╰────────────────────────────────────────────────────────────────────────────────────────────╯
│                          ││                                                                  │
│                          ││                                                                  │
│                          ││                                                                  │
│                          ││                                                                  │
╰──────────────────────────╯╰──────────────────────────────────────────────────────────────────╯

 enter open in workspace • / filter modules • ? help • q quit

