 dotdrift · $PROFILE · host myhost · user cri
╭──────────────────╮╭──────────────────────────────────────╮
│MODULES           ││module: shell                         │
││   shell         ││packages: 3                           │
│    firefox       ││                                      │
│                  ││                                      │
│                  ││                                      │
│                  ││                                      │
│                  ││                                      │
│                  ││                                      │
│                  ││                                      │
│                  ││                                      │
│                  ││                                      │
│                  ││                                      │
│                  ││                                      │
│                  ││                                      │
│                  ││                                      │
│                  ││                                      │
│                  ││                                      │
╰──────────────────╯╰──────────────────────────────────────╯

 enter open in workspace • / palette • ? help • q quit