 dotdrift · $PROFILE · host myhost · user cri
╭──────────────────────────╮╭──────────────────────────────────────────────────────────────────╮
│MODULES                   ││demo  [base]  · meta                                              │
││ ▸ demo                  ││meta                                                              │
│                          │││ id demo                                                         │
│                          ││  app demo-app                                                    │
│                          ││  description                                                     │
│                          ││  scope user                                                      │
│                          ││packages                                                          │
│                    ╭───────────────────────────────────────────────────────╮                 │
│                    │                                                       │                 │
│                    │  MODULES                                              │                 │
│                    │  module management — demo (base)                      │                 │
│                    │                                                       │                 │
│                    │  files nothing references (removed with the module):  │                 │
│                    │    dotfilerc                                          │                 │
│                    │                                                       │                 │
│                    │  delete module "demo"?  y/n                           │                 │
│                    │  y deletes · n/esc back                               │                 │
│                    │                                                       │                 │
│                    ╰───────────────────────────────────────────────────────╯                 │
│                          ││                                                                  │
│                          ││                                                                  │
│                          ││                                                                  │
│                          ││                                                                  │
╰──────────────────────────╯╰──────────────────────────────────────────────────────────────────╯

 j down • k up • h collapse / parent • / palette • ? help • q quit

