 dotdrift · $PROFILE · host myhost · user cri  ● 1
╭──────────────────────────╮╭──────────────────────────────────────────────────────────────────╮
│MODULES                   ││demo  [base]  · meta  ●                                           │
││ ▸ demo ●                ││meta                                                              │
│                          ││  id demo                                                         │
│                          │││ description the demo module-next ●                              │
│                          ││  scope user ◂▸                                                   │
│                          ││packages ＋                                                       │
│                          ││  + neovim ✎                                                      │
│                          ││  + ripgrep ✎                                                     │
│                      ╭────────────────────────────────────────────────────╮                  │
│                      │                                                    │                  │
│                      │  quit with unsaved drafts?                         │                  │
│                      │                                                    │                  │
│                      │  1 file(s) with unsaved changes                    │                  │
│                      │  drafts live in memory only — quitting loses them  │                  │
│                      │                                                    │                  │
│                      │  y confirm · n/esc cancel                          │                  │
│                      │                                                    │                  │
│                      ╰────────────────────────────────────────────────────╯                  │
│                          ││                                                                  │
│                          ││                                                                  │
│                          ││                                                                  │
│                          ││                                                                  │
│                          ││                                                                  │
╰──────────────────────────╯╰──────────────────────────────────────────────────────────────────╯

 enter edit field • a add entry / apply detail • d remove row • ctrl+s save draft • ctrl+z undo • /

