 dotdrift · $PROFILE · host myhost · user cri  ● 1
╭──────────────────────────╮╭──────────────────────────────────────────────────────────────────╮
│MODULES                   ││demo  [base] · user cri  · meta  ●                                │
│  ▾ demo ●                ││meta                                                              │
││     base ●              │││ id demo                                                         │
│      user cri            ││  description the demo module-next ●                              │
│  ▸ other                 ││  scope user ◂▸                                                   │
│                          ││packages ＋                                                       │
│                          ││  + neovim ✎                                                      │
│                          ││  + ripgrep ✎                                                     │
│                          ││links ＋                                                          │
│                          ││writes ＋                                                         │
│                          ││when ＋                                                           │
│                          ││hooks ＋                                                          │
│                          ││systemd.units ＋                                                  │
│                          ││tools ＋                                                          │
│                          ││  node = 20 ✎                                                     │
│                          ││secrets ＋                                                        │
│                          ││mounts ＋                                                         │
│                          ││smb ＋                                                            │
│                          ││                                                                  │
│                          ││                                                                  │
│                          ││                                                                  │
│                          ││                                                                  │
│                          ││                                                                  │
╰──────────────────────────╯╰──────────────────────────────────────────────────────────────────╯

 enter edit field • a add entry / apply detail • d remove row • ctrl+s save draft • ctrl+z undo • / palette • ? help • q quit