 dotdrift · $PROFILE · host myhost · user cri
╭──────────────────────────╮╭──────────────────────────────────────────────────────────────────╮
│MODULES                   ││demo  [base]                                                      │
││ ▸ demo                  ││meta                                                              │
│                          ││  id demo                                                         │
│                          ││  app demo-app                                                    │
│                          ││  description the demo module                                     │
│                          │││ ▸ bogus▏                                                        │
│                          ││    ✗ scope must be "user" or "system"                            │
│                          ││packages                                                          │
│                          ││  + neovim                                                        │
│                          ││  + ripgrep                                                       │
│                          ││links                                                             │
│                          ││  (none)                                                          │
│                          ││writes                                                            │
│                          ││  (none)                                                          │
│                          ││when                                                              │
│                          ││  hosts                                                           │
│                          ││  users                                                           │
│                          ││  os                                                              │
│                          ││  gpu                                                             │
│                          ││  kernel                                                          │
│                          ││  packages                                                        │
│                          ││  tools                                                           │
│                          ││hooks                                                             │
╰──────────────────────────╯╰──────────────────────────────────────────────────────────────────╯

 enter commit • esc cancel • ? help