 dotdrift · $PROFILE · host myhost · user cri  ● 1
╭──────────────────────────╮╭──────────────────────────────────────────────────────────────────╮
│MODULES                   ││demo  [base]  ●                                                   │
│▸ demo ●                  ││meta                                                              │
│                          ││  id demo                                                         │
│                          ││  app demo-app-next ●                                             │
│                          ││  description the demo module                                     │
│                          ││  scope user                                                      │
│                          ││packages                                                          │
│                          ││  + neovim                                                        │
│                          ││  + ripgrep                                                       │
│                          ││links                                                             │
│                          ││  (none)                                                          │
│                          ││writes                                                            │
│                          ││  (none)                                                          │
│                          ││when                                                              │
│                          ││  hosts                                                           │
│                          ││  users                                                           │
│                          ││  os                                                              │
│                          ││  gpu                                                             │
│                          ││  kernel                                                          │
│                          ││  packages                                                        │
│                          ││  tools                                                           │
│                          ││hooks                                                             │
│                          ││  (none)                                                          │
╰──────────────────────────╯╰──────────────────────────────────────────────────────────────────╯

 j scroll down • k scroll up • enter edit field • / palette • ? help • q quit