 dotdrift · $PROFILE · host myhost · user cri  ● 1
╭──────────────────────────╮╭──────────────────────────────────────────────────────────────────╮
│MODULES                   ││demo  [base] · user cri  ●                                        │
│▾ demo ●                  ││meta                                                              │
│    base ●                ││  id demo                                                         │
│    user cri              ││  app demo-app-next ●                                             │
│▸ other                   ││  description the demo module                                     │
│                          ││  scope user                                                      │
│                          ││packages                                                          │
│                          ││  + neovim                                                        │
│                          ││  + ripgrep                                                       │
│                          ││links                                                             │
│                          ││  (none)                                                          │
│                          ││writes                                                            │
│                          ││  (none)                                                          │
│                          ││when                                                              │
│                          ││  hosts                                                           │
│                          ││  users                                                           │
│                          ││  os                                                              │
│                          ││  gpu                                                             │
│                          ││  kernel                                                          │
│                          ││  packages                                                        │
│                          ││  tools                                                           │
│                          ││hooks                                                             │
│                          ││  (none)                                                          │
╰──────────────────────────╯╰──────────────────────────────────────────────────────────────────╯

 j scroll down • k scroll up • enter edit field • / palette • ? help • q quit