 dotdrift · $PROFILE · host myhost · user cri
╭──────────────────────────╮╭──────────────────────────────────────────────────────────────────╮
│MODULES                   ││demo  [base]  · packages                                          │
││ ▸ demo                  ││meta                                                              │
│                          ││  id demo                                                         │
│                          ││  description the demo module ✎                                   │
│                          ││  scope user ◂▸                                                   │
│                          ││packages ＋                                                       │
│                          │││ ▸ ▏                                                             │
│                          ││    ✗ package name must not be empty                              │
│                          ││  + ripgrep ✎                                                     │
│                          ││links ＋                                                          │
│                          ││writes ＋                                                         │
│                          ││when ＋                                                           │
│                          ││hooks ＋                                                          │
│                          ││systemd.units ＋                                                  │
│                          ││tools ＋                                                          │
│                          ││  node = 20 ✎                                                     │
│                          ││secrets ＋                                                        │
│                          ││mounts ＋                                                         │
│                          ││smb ＋                                                            │
│                          ││                                                                  │
│                          ││                                                                  │
│                          ││                                                                  │
│                          ││                                                                  │
╰──────────────────────────╯╰──────────────────────────────────────────────────────────────────╯

 enter commit • esc cancel • ? help