 dotdrift · $PROFILE · host myhost · user cri
╭──────────────────────────╮╭──────────────────────────────────────────────────────────────────╮
│MODULES                   ││demo  [base]                                                      │
││ ▸ demo                  ││meta                                                              │
│                          ││  id demo                                                         │
│                          ││  app demo-app                                                    │
│                          ││  description the demo module                                     │
│                          │││ ▸ bogus▏                                                        │
│                          ││    ✗ scope must be "user" or "system"                            │
│                          ││packages                                                          │
│                          ││  + neovim                                                        │
│                          ││  + ripgrep                                                       │
│                          ││links                                                             │
│                          ││writes                                                            │
│                          ││when                                                              │
│                          ││hooks                                                             │
│                          ││systemd.units                                                     │
│                          ││tools                                                             │
│                          ││  node = 20                                                       │
│                          ││secrets                                                           │
│                          ││mounts                                                            │
│                          ││smb                                                               │
│                          ││                                                                  │
│                          ││                                                                  │
│                          ││                                                                  │
╰──────────────────────────╯╰──────────────────────────────────────────────────────────────────╯

 enter commit • esc cancel • ? help