 dotdrift · $PROFILE · host myhost · user cri  ● 1
╭──────────────────────────╮╭──────────────────────────────────────────────────────────────────╮
│MODULES                   ││demo  [base]  ●                                                   │
││ ▸ demo ●                ││meta                                                              │
│                          ││  id demo                                                         │
│                          │││ app demo-app-next ●                                             │
│                          ││  description the demo module                                     │
│                          ││  scope user                                                      │
│                          ││packages                                                          │
│                          ││  + neovim                                                        │
│                          ││  + ripgrep                                                       │
│                          ││links                                                             │
│                          ││writes                                                            │
│                          ││when                                                              │
│                          ││hooks                                                             │
│                          ││systemd.units                                                     │
│                          ││tools                                                             │
│                          ││  node = 20                                                       │
│                          ││secrets                                                           │
│                          ││mounts                                                            │
│                          ││smb                                                               │
│                          ││                                                                  │
│                          ││                                                                  │
│                          ││                                                                  │
│                          ││                                                                  │
╰──────────────────────────╯╰──────────────────────────────────────────────────────────────────╯

 j scroll down • k scroll up • pgup page up • / palette • ? help • q quit