 dotdrift · $PROFILE · host myhost · user cri
╭──────────────────────────╮╭──────────────────────────────────────────────────────────────────╮
│MODULES                   ││demo  [base]                                                      │
│▸ demo                    ││meta                                                              │
│                          ││  id demo                                                         │
│                          ││  ▸ demo-app-next▏                                                │
│                          ││  description the demo module                                     │
│                          ││  scope user                                                      │
│                          ││packages                                                          │
│                          ││  + neovim                                                        │
│                          ││  + ripgrep                                                       │
│                          ││links                                                             │
│                          ││  (none)                                                          │
│                          ││writes                                                            │
│                          ││  (none)                                                          │
│                          ││when                                                              │
│                          ││  (none)                                                          │
│                          ││hooks                                                             │
│                          ││  (none)                                                          │
│                          ││systemd.units                                                     │
│                          ││  (none)                                                          │
│                          ││tools                                                             │
│                          ││  node = 20                                                       │
│                          ││secrets                                                           │
│                          ││  (none)                                                          │
╰──────────────────────────╯╰──────────────────────────────────────────────────────────────────╯

 enter commit • esc cancel • ? help