 dotdrift · $PROFILE · host myhost · user cri
╭──────────────────────────╮╭──────────────────────────────────────────────────────────────────╮
│MODULES                   ││demo  [base]                                                      │
││ ▸ demo                  ││meta                                                              │
│                          │││ id demo                                                         │
│                          ││  app demo-app                                                    │
│                          ││  description                                                     │
│                          ││  scope user                                                      │
│                          ││packages                                                          │
│   ╭─────────────────────────────────────────────────────────────────────────────────────────╮│
│   │                                                                                         ││
│   │  sudo elevation required                                                                ││
│   │                                                                                         ││
│   │    • dotfiles-system: elevated system edits: edit targets are not user-writable (sudo)  ││
│   │                                                                                         ││
│   │    password: ▏                                                                          ││
│   │    ✗ authentication failed                                                              ││
│   │                                                                                         ││
│   │    enter submit · esc cancel                                                            ││
│   │                                                                                         ││
│   ╰─────────────────────────────────────────────────────────────────────────────────────────╯│
│                          ││                                                                  │
│                          ││                                                                  │
│                          ││                                                                  │
│                          ││                                                                  │
╰──────────────────────────╯╰──────────────────────────────────────────────────────────────────╯

 j down • k up • h collapse / parent • / palette • ? help • q quit

