 dotdrift · $PROFILE · host myhost · user cri
╭──────────────────────────╮╭──────────────────────────────────────────────────────────────────╮
│MODULES                   ││demo  [base]  · meta                                              │
││ ▸ demo                  ││meta                                                              │
│                          │││ id demo                                                         │
│                          ││  app demo-app                                                    │
│                          ││  description                                                     │
│                          ││  scope user                                                      │
│                          ││packages                                                          │
│                          ││╭────────────────────────────────────────╮                        │
│                          │││                                        │                        │
│                          │││  MODULES                               │                        │
│                          │││  module management — demo (base)       │                        │
│                          │││                                        │                        │
│                          │││  │ create module                       │                        │
│                          │││    move module                         │                        │
│                          │││    delete module                       │                        │
│                          │││                                        │                        │
│                          │││  up/down pick · enter open · esc back  │                        │
│                          │││                                        │                        │
│                          ││╰────────────────────────────────────────╯                        │
│                          ││                                                                  │
│                          ││                                                                  │
│                          ││                                                                  │
│                          ││                                                                  │
╰──────────────────────────╯╰──────────────────────────────────────────────────────────────────╯

 enter open in workspace • / palette • ? help • q quit

