 dotdrift · $PROFILE · host myhost · user cri
╭──────────────────────────╮╭──────────────────────────────────────────────────────────────────╮
│MODULES                   ││demo  [base]                                                      │
│▸ demo                    ││meta                                                              │
│                          ││  id demo                                                         │
│                          ││  app demo-app                                                    │
│                          ││  description                                                     │
│                          ││  scope user                                                      │
│                          ││packages                                                          │
│                          ││╭────────────────────────────────────────╮                        │
│                          │││                                        │                        │
│                          │││  MODULES                               │                        │
│                          │││  module management — demo (base)       │                        │
│                          │││                                        │                        │
│                          │││  > create module                       │                        │
│                          │││    move module                         │                        │
│                          │││    delete module                       │                        │
│                          │││                                        │                        │
│                          │││  up/down pick · enter open · esc back  │                        │
│                          │││                                        │                        │
│                          ││╰────────────────────────────────────────╯                        │
│                          ││  (none)                                                          │
│                          ││other                                                             │
│                          ││  (none)                                                          │
│                          ││                                                                  │
╰──────────────────────────╯╰──────────────────────────────────────────────────────────────────╯

 j down • k up • h collapse / parent • / palette • ? help • q quit

