 dotdrift · $PROFILE · host myhost · user cri
╭──────────────────────────╮╭──────────────────────────────────────────────────────────────────╮
│MODULES                   ││shell                                                             │
││ ▾ shell                 ││                                                                  │
│      base                ││                                                                  │
│      user cri            ││                                                                  │
│      host myhost         ││                                                                  │
│                          ││                                                                  │
│                          ││                                                                  │
│                          ││                                                                  │
│                          ││                                                                  │
│                          ││                                                                  │
│                          ││                                                                  │
│                          ││                                                                  │
│                          ││                                                                  │
│                          ││                                                                  │
│                          ││                                                                  │
│                          ││                                                                  │
│                          ││                                                                  │
│                          ││                                                                  │
│                          ││                                                                  │
│                          ││                                                                  │
│                          ││                                                                  │
│                          ││                                                                  │
│                          ││                                                                  │
╰──────────────────────────╯╰──────────────────────────────────────────────────────────────────╯

 enter open in workspace • / palette • ? help • q quit