 dotdrift · $PROFILE · host myhost · user cri
╭──────────────────╮╭──────────────────────────────────────╮
│MODULES           ││                                      │
│  (no modules)    ││                                      │
│                  ││                                      │
│                  ││                                      │
│                  ││                                      │
│                  ││                                      │
│                  ││                                      │
│                  ││                                      │
│                  ││                                      │
│                  ││                                      │
│                  ││                                      │
│                  ││                                      │
│                  ││                                      │
│                  ││                                      │
│                  ││                                      │
│                  ││                                      │
│                  ││                                      │
╰──────────────────╯╰──────────────────────────────────────╯

 enter open in workspace • / filter modules • ? help • q quit