 dotdrift · $PROFILE · host myhost · user cri
╭──────────────────╮╭──────────────────────────────────────╮
│MODULES           ││                                      │
│  (no modules)    ││                                      │
│                  ││                                      │
│                  ││                                      │
│                  ││                                      │
│                  ││                                      │
│                  ││                                      │
│                  ││                                      │
│                  ││                                      │
│                  ││                                      │
│                  ││                                      │
│                  ││                                      │
│                  ││                                      │
│                  ││                                      │
│                  ││                                      │
│                  ││                                      │
│                  ││                                      │
╰──────────────────╯╰──────────────────────────────────────╯

 j down • k up • h collapse / parent • / palette • ? help • q quit