 dotdrift · .
╭──────────────────╮╭──────────────────────────────────────╮
│MODULES           ││                                      │
│  …               ││                                      │
│                  ││                                      │
│                  ││                                      │
│                  ││                                      │
│                  ││                                      │
│                  ││                                      │
│                  ││                                      │
│                  ││                                      │
│                  ││                                      │
│                  ││                                      │
│                  ││                                      │
│                  ││                                      │
│                  ││                                      │
│                  ││                                      │
│                  ││                                      │
│                  ││                                      │
╰──────────────────╯╰──────────────────────────────────────╯

 enter open in workspace • / palette • ? help • q quit