 dotdrift · $PROFILE · host myhost · user cri
╭──────────────────────────╮╭──────────────────────────────────────────────────────────────────╮
│MODULES                   ││shell                                                             │
││ ▸ shell                 ││                                                                  │
│                          ││                                                                  │
│                          ││                                                                  │
│                          ││                                                                  │
│                          ││                                                                  │
│                          ││                                                                  │
│                          ││                                                                  │
│                          ││                                                                  │
│                          ││                                                                  │
│                          ││                                                                  │
│                          ││                                                                  │
│                          ││                                                                  │
│                          ││                                                                  │
│                          ││                                                                  │
│                          ││                                                                  │
│                          ││                                                                  │
│                          ││                                                                  │
│                          ││                                                                  │
│                          ││                                                                  │
│                          ││                                                                  │
│                          ││                                                                  │
│                          ││                                                                  │
╰──────────────────────────╯╰──────────────────────────────────────────────────────────────────╯

 j down • k up • h collapse / parent • / palette • ? help • q quit