 dotdrift · $PROFILE · host myhost · user cri
╭──────────────────────────╮╭──────────────────────────────────────────────────────────────────╮
│MODULES                   ││demo  [base] · user cri · host myhost                             │
│▸ demo                    ││meta                                                              │
│▸ other                   ││  id demo                                                         │
│▸ plain                   ││  app demo-app                                                    │
│                          ││  description the demo module                                     │
│                          ││  scope user                                                      │
│                          ││packages                                                          │
│                          ││  + neovim                                                        │
│                          ││  +╭──────────────────────────────────╮                           │
│                          ││lin│                                  │                           │
│                          ││  (│  / dem▏                          │                           │
│                          ││wri│                                  │                           │
│                          ││  (│    ◆ demo  module                │                           │
│                          ││whe│    ◆ demo · user cri  module     │                           │
│                          ││  h│    ◆ demo · host myhost  module  │                           │
│                          ││  u│                                  │                           │
│                          ││  o╰──────────────────────────────────╯                           │
│                          ││  gpu                                                             │
│                          ││  kernel                                                          │
│                          ││  packages                                                        │
│                          ││  tools                                                           │
│                          ││hooks                                                             │
│                          ││  (none)                                                          │
╰──────────────────────────╯╰──────────────────────────────────────────────────────────────────╯

 j down • k up • h collapse / parent • / palette • ? help • q quit

