 dotdrift · $PROFILE · host myhost · user cri
╭──────────────────────────╮╭──────────────────────────────────────────────────────────────────╮
│MODULES                   ││demo  [base] · user cri · host myhost                             │
│▸ demo                    ││meta                                                              │
│▸ other                   ││  id demo                                                         │
│▸ plain                   ││  app demo-app                                                    │
│                          ││  description the demo module                                     │
│                          ││  scope user                                                      │
│                          ││packages                                                          │
│                          ││  + neovim                                                        │
│                          ││  + ripgrep                                                       │
│                          ││lin╭──────────────────────────────────╮                           │
│                          ││  (│                                  │                           │
│                          ││wri│  / demo · host▏                  │                           │
│                          ││  (│                                  │                           │
│                          ││whe│    ◆ demo · host myhost  module  │                           │
│                          ││  h│                                  │                           │
│                          ││  u╰──────────────────────────────────╯                           │
│                          ││  os                                                              │
│                          ││  gpu                                                             │
│                          ││  kernel                                                          │
│                          ││  packages                                                        │
│                          ││  tools                                                           │
│                          ││hooks                                                             │
│                          ││  (none)                                                          │
╰──────────────────────────╯╰──────────────────────────────────────────────────────────────────╯

 j down • k up • h collapse / parent • / palette • ? help • q quit

