 dotdrift · $PROFILE · host myhost · user cri
╭──────────────────────────╮╭──────────────────────────────────────────────────────────────────╮
│MODULES                   ││demo  [base] · user cri · host myhost  · meta                     │
││ ▸ demo                  ││meta                                                              │
│  ▸ other · invalid module│││ id demo                                                         │
│  ▸ plain · invalid module││  description the demo module ✎                                   │
│                          ││  scope user ◂▸                                                   │
│                          ││packages ＋                                                       │
│                          ││  + neovim ✎                                                      │
│                          ││  + ripgrep ✎                                                     │
│                          ││links ＋                                                          │
│                          ││wri╭──────────────────────────────────╮                           │
│                          ││whe│                                  │                           │
│                          ││hoo│  │/ demo · host▏                 │                           │
│                          ││sys│                                  │                           │
│                          ││too│  │ ◆ demo · host myhost  module  │                           │
│                          ││  n│                                  │                           │
│                          ││sec╰──────────────────────────────────╯                           │
│                          ││mounts ＋                                                         │
│                          ││smb ＋                                                            │
│                          ││                                                                  │
│                          ││                                                                  │
│                          ││                                                                  │
│                          ││                                                                  │
│                          ││                                                                  │
╰──────────────────────────╯╰──────────────────────────────────────────────────────────────────╯

 enter edit field • a add entry / apply detail • d remove row • ctrl+s save draft • / palette • ? he

