 dotdrift · $PROFILE · host myhost · user cri
╭──────────────────────────╮╭──────────────────────────────────────────────────────────────────╮
│MODULES                   ││demo  [base] · user cri · host myhost  · meta                     │
││ ▸ demo                  ││meta                                                              │
│  ▸ other                 │││ id demo                                                         │
│  ▸ plain                 ││  app demo-app ✎                                                  │
│                          ││  description the demo module ✎                                   │
│                          ││  scope user ◂▸                                                   │
│                          ││packages ＋                                                       │
│                          ││  + neovim ✎                                                      │
│                          ││  +╭──────────────────────────────────╮                           │
│                          ││lin│                                  │                           │
│                          ││wri│  │/ dem▏                         │                           │
│                          ││whe│                                  │                           │
│                          ││hoo│  │ ◆ demo  module                │                           │
│                          ││sys│    ◆ demo · user cri  module     │                           │
│                          ││too│    ◆ demo · host myhost  module  │                           │
│                          ││  n│    ▶ onboard into demo  action   │                           │
│                          ││sec│                                  │                           │
│                          ││mou╰──────────────────────────────────╯                           │
│                          ││smb ＋                                                            │
│                          ││                                                                  │
│                          ││                                                                  │
│                          ││                                                                  │
│                          ││                                                                  │
╰──────────────────────────╯╰──────────────────────────────────────────────────────────────────╯

 enter edit field • a add entry / apply detail • d remove row • ctrl+s save draft • / palette • ? he

