 dotdrift · $PROFILE · host myhost · user cri
╭──────────────────────────╮╭──────────────────────────────────────────────────────────────────╮
│MODULES                   ││demo  [base] · user cri · host myhost  · meta                     │
││ ▸ demo                  ││meta                                                              │
│  ▸ other                 │││ id demo                                                         │
│  ▸ plain                 ││  app demo-app                                                    │
│                          ││  description the demo module                                     │
│                          ││  scope user                                                      │
│                          ││packages                                                          │
│                          ││  +╭──────────────────────────────────╮                           │
│                          ││  +│                                  │                           │
│                          ││lin│  │/ ▏                            │                           │
│                          ││wri│                                  │                           │
│                          ││whe│  │ ◆ demo  module                │                           │
│                          ││hoo│    ◆ demo · user cri  module     │                           │
│                          ││sys│    ◆ demo · host myhost  module  │                           │
│                          ││too│    ◆ other  module               │                           │
│                          ││  n│    ◆ plain  module               │                           │
│                          ││sec│                                  │                           │
│                          ││mou╰──────────────────────────────────╯                           │
│                          ││smb                                                               │
│                          ││                                                                  │
│                          ││                                                                  │
│                          ││                                                                  │
│                          ││                                                                  │
╰──────────────────────────╯╰──────────────────────────────────────────────────────────────────╯

 enter open in workspace • / palette • ? help • q quit

