 dotdrift · $PROFILE · host myhost · user cri
╭──────────────────────────╮╭──────────────────────────────────────────────────────────────────╮
│MODULES                   ││demo  [base] · user cri · host myhost  · meta                     │
││ ▸ demo                  ││meta                                                              │
│  ▸ other                 │││ id demo                                                         │
│  ▸ plain                 ││  app demo-app                                                    │
│                          ││  description the demo module                                     │
│                          ││  scope user                                                      │
│                          ││packages                                                          │
│                          ││  + neovim                                                        │
│                          ││  + ripgrep                                                       │
│                          ││lin╭──────────────────────────────────╮                           │
│                          ││wri│                                  │                           │
│                          ││whe│  │/ demo · host▏                 │                           │
│                          ││hoo│                                  │                           │
│                          ││sys│  │ ◆ demo · host myhost  module  │                           │
│                          ││too│                                  │                           │
│                          ││  n╰──────────────────────────────────╯                           │
│                          ││secrets                                                           │
│                          ││mounts                                                            │
│                          ││smb                                                               │
│                          ││                                                                  │
│                          ││                                                                  │
│                          ││                                                                  │
│                          ││                                                                  │
╰──────────────────────────╯╰──────────────────────────────────────────────────────────────────╯

 enter open in workspace • / palette • ? help • q quit

