 dotdrift · $PROFILE · host myhost · user cri
╭──────────────────────────╮╭──────────────────────────────────────────────────────────────────╮
│MODULES                   ││demo  [base]                                                      │
││ ▸ demo                  ││meta                                                              │
│                          ││  id demo                                                         │
│                          ││  description                                                     │
│                          ││  scope user                                                      │
│                          ││packages                                                          │
│                          ││links                                                             │
│                          ││writes                                                            │
│                          ││when                                                              │
│                          ││hooks                                                             │
│                          ││systemd.units                                                     │
│                          ││  backup.timer                                                    │
│                          ││    OnBootSec = 30                                                │
│                          ││  demo.service                                                    │
│                          │││   Description = "demo unit"                                     │
│                          ││    Service = { ExecStart = "/usr/bin/demo", Restart = "on-failure│
│                          ││tools                                                             │
│                          ││secrets                                                           │
│                          ││mounts                                                            │
│                          ││smb                                                               │
│                          ││                                                                  │
│                          ││                                                                  │
│                          ││                                                                  │
╰──────────────────────────╯╰──────────────────────────────────────────────────────────────────╯

 j scroll down • k scroll up • pgup page up • / palette • ? help • q quit