 dotdrift · $PROFILE · host myhost · user cri
╭──────────────────────────╮╭──────────────────────────────────────────────────────────────────╮
│MODULES                   ││demo  [base]                                                      │
│▸ demo                    ││meta                                                              │
│                          ││  id demo                                                         │
│                          ││  description                                                     │
│                          ││  scope user                                                      │
│                          ││packages                                                          │
│                          ││  (none)                                                          │
│                          ││links                                                             │
│                          ││  (none)                                                          │
│                          ││writes                                                            │
│                          ││  (none)                                                          │
│                          ││when                                                              │
│                          ││  (none)                                                          │
│                          ││hooks                                                             │
│                          ││  (none)                                                          │
│                          ││systemd.units                                                     │
│                          ││  (none)                                                          │
│                          ││tools                                                             │
│                          ││  (none)                                                          │
│                          ││secrets                                                           │
│                          ││  API_KEY                                                         │
│                          ││    env DEMO_API_KEY                                              │
│                          ││    description demo key                                          │
╰──────────────────────────╯╰──────────────────────────────────────────────────────────────────╯

 j scroll down • k scroll up • enter edit field • / palette • ? help • q quit