 dotdrift · $PROFILE · host myhost · user cri
╭──────────────────────────╮╭──────────────────────────────────────────────────────────────────╮
│MODULES                   ││demo  [base]                                                      │
│▸ demo                    ││meta                                                              │
│                          ││  id demo                                                         │
│                          ││  description                                                     │
│                          ││  scope user                                                      │
│                          ││packages                                                          │
│                          ││  (none)                                                          │
│                          ││links                                                             │
│                          ││  (none)                                                          │
│                          ││writes                                                            │
│                          ││  (none)                                                          │
│                          ││when                                                              │
│                          ││  hosts myhost                                                    │
│                          ││  users                                                           │
│                          ││  os                                                              │
│                          ││  gpu                                                             │
│                          ││  kernel                                                          │
│                          ││  packages                                                        │
│                          ││  tools                                                           │
│                          ││  and[0]                                                          │
│                          ││    hosts                                                         │
│                          ││    users                                                         │
│                          ││    os linux                                                      │
╰──────────────────────────╯╰──────────────────────────────────────────────────────────────────╯

 j scroll down • k scroll up • enter edit field • / palette • ? help • q quit