 dotdrift · $PROFILE · host myhost · user cri
╭──────────────────────────╮╭──────────────────────────────────────────────────────────────────╮
│MODULES                   ││demo  [base]  · meta                                              │
││ ▸ demo                  ││meta                                                              │
│                          │││ id demo                                                         │
│                          ││  description  ✎                                                  │
│                          ││  scope user ◂▸                                                   │
│                          ││packages ＋                                                       │
│                          ││links ＋                                                          │
│                          ││writes ＋                                                         │
│                          ││when ＋                                                           │
│                          ││hooks ＋                                                          │
│                          ││systemd.units ＋                                                  │
│                          ││tools ＋                                                          │
│                          ││secrets ＋                                                        │
│                          ││mounts ＋                                                         │
│                          ││smb ＋                                                            │
│                          ││                                                                  │
│                          ││                                                                  │
│                          ││                                                                  │
│                          ││                                                                  │
│                          ││                                                                  │
│                          ││                                                                  │
│                          ││                                                                  │
│                          ││                                                                  │
╰──────────────────────────╯╰──────────────────────────────────────────────────────────────────╯

 enter open in workspace • / filter modules • ? help • q quit