 dotdrift · $PROFILE · host myhost · user cri
╭──────────────────────────╮╭──────────────────────────────────────────────────────────────────╮
│MODULES                   ││demo  [base]                                                      │
│▸ demo                    ││meta                                                              │
│                          ││  id demo                                                         │
│                          ││  description                                                     │
│                          ││  scope user                                                      │
│                          ││packages                                                          │
│                          ││  (none)                                                          │
│                          ││links                                                             │
│                          ││  (none)                                                          │
│                          ││writes                                                            │
│                          ││  (none)                                                          │
│                          ││when                                                              │
│                          ││  (none)                                                          │
│                          ││hooks                                                             │
│                          ││  (none)                                                          │
│                          ││systemd.units                                                     │
│                          ││  (none)                                                          │
│                          ││tools                                                             │
│                          ││  (none)                                                          │
│                          ││other                                                             │
│                          ││  (none)                                                          │
│                          ││                                                                  │
│                          ││                                                                  │
╰──────────────────────────╯╰──────────────────────────────────────────────────────────────────╯

 j down • k up • h collapse / parent • / palette • ? help • q quit