 dotdrift · $PROFILE · host myhost · user cri
╭──────────────────────────╮╭──────────────────────────────────────────────────────────────────╮
│MODULES                   ││demo  [base]                                                      │
│▸ demo                    ││meta                                                              │
│                          ││  id demo                                                         │
│                          ││  app demo-app                                                    │
│                          ││  description the demo module                                     │
│                          ││  scope user                                                      │
│                          ││packages                                                          │
│                          ││  + neovim                                                        │
│                          ││  + ripgrep                                                       │
│                          ││  − emacs                                                         │
│                          ││links                                                             │
│                          ││  ~/.bashrc ← .bashrc (symlink)                                   │
│                          ││writes                                                            │
│                          ││  ~/.config/demo.toml (edit: line)                                │
│                          ││  ~/.profile (edit: block)                                        │
│                          ││when                                                              │
│                          ││  hosts myhost                                                    │
│                          ││  users                                                           │
│                          ││  os linux                                                        │
│                          ││  gpu                                                             │
│                          ││  kernel                                                          │
│                          ││  packages                                                        │
│                          ││  tools                                                           │
╰──────────────────────────╯╰──────────────────────────────────────────────────────────────────╯

 j down • k up • h collapse / parent • / palette • ? help • q quit