 dotdrift · $PROFILE · host myhost · user cri
╭──────────────────────────╮╭──────────────────────────────────────────────────────────────────╮
│MODULES                   ││demo  [base]                                                      │
│▸ demo · invalid module.to││broken module.toml — read-only                                    │
│                          ││  module.toml:3:8: expected '.' or ']' to end table name, but got │
│                          ││                                                                  │
│                          ││             ^                                                    │
│                          ││                                                                  │
│                          ││id = "demo"                                                       │
│                          ││[broken                                                           │
│                          ││                                                                  │
│                          ││                                                                  │
│                          ││                                                                  │
│                          ││                                                                  │
│                          ││                                                                  │
│                          ││                                                                  │
│                          ││                                                                  │
│                          ││                                                                  │
│                          ││                                                                  │
│                          ││                                                                  │
│                          ││                                                                  │
│                          ││                                                                  │
│                          ││                                                                  │
│                          ││                                                                  │
│                          ││                                                                  │
╰──────────────────────────╯╰──────────────────────────────────────────────────────────────────╯

 k up • j down • enter open • tab pane • ? help • q quit