 dotdrift · $PROFILE · host myhost · user cri
╭──────────────────────────╮╭──────────────────────────────────────────────────────────────────╮
│MODULES                   ││demo  [base] · user cri · host myhost  · meta                     │
││ ▸ demo                  ││meta                                                              │
│  ▸ plain                 │││ id demo                                                         │
│                          ││  description                                                     │
│                          ││  scope user                                                      │
│                          ││packages                                                          │
│                          ││links                                                             │
│                          ││writes                                                            │
│                          ││when                                                              │
│                          ││hooks                                                             │
│                          ││systemd.units                                                     │
│                          ││tools                                                             │
│                          ││secrets                                                           │
│                          ││mounts                                                            │
│                          ││smb                                                               │
│                          ││                                                                  │
│                          ││                                                                  │
│                          ││                                                                  │
│                          ││                                                                  │
│                          ││                                                                  │
│                          ││                                                                  │
│                          ││                                                                  │
│                          ││                                                                  │
╰──────────────────────────╯╰──────────────────────────────────────────────────────────────────╯

 enter open in workspace • / palette • ? help • q quit