 dotdrift · $PROFILE · host myhost · user cri
╭──────────────────────────╮╭──────────────────────────────────────────────────────────────────╮
│MODULES                   ││demo  [base]  · meta                                              │
││ ▸ demo                  ││meta                                                              │
│                          │││ id demo                                                         │
│                          ││  app demo-app ✎                                                  │
│                          ││  description the demo module ✎                                   │
│                          ││  scope user ◂▸                                                   │
│                          ││packages ＋                                                       │
│                          ││  + neovim ✎                                                      │
│                          ││  + ripgrep ✎                                                     │
│                          ││  − emacs ✎                                                       │
│                          ││links ＋                                                          │
│                          ││  ~/.bashrc ← .bashrc (symlink) ✎                                 │
│                          ││writes ＋                                                         │
│                          ││  ~/.config/demo.toml (edit: line) ✎                              │
│                          ││  ~/.profile (edit: block)                                        │
│                          ││when ＋                                                           │
│                          ││  hosts myhost ✎                                                  │
│                          ││  os linux ✎                                                      │
│                          ││hooks ＋                                                          │
│                          ││  pre: echo pre ✎                                                 │
│                          ││  post: echo post ✎                                               │
│                          ││systemd.units ＋                                                  │
│                          ││  demo.service ＋                                                 │
╰──────────────────────────╯╰──────────────────────────────────────────────────────────────────╯

 enter open in workspace • / filter modules • ? help • q quit